[0.094s] [34mcolcon[0m [1;30mDEBUG[0m [32mCommand line arguments: ['/usr/bin/colcon', 'build'][0m
[0.094s] [34mcolcon[0m [1;30mDEBUG[0m [32mParsed command line arguments: Namespace(log_base=None, log_level=None, verb_name='build', build_base='build', install_base='install', merge_install=False, symlink_install=False, test_result_base=None, continue_on_error=False, executor='parallel', parallel_workers=12, event_handlers=None, ignore_user_meta=False, metas=['./colcon.meta'], base_paths=['.'], packages_ignore=None, packages_ignore_regex=None, paths=None, packages_up_to=None, packages_up_to_regex=None, packages_above=None, packages_above_and_dependencies=None, packages_above_depth=None, packages_select_by_dep=None, packages_skip_by_dep=None, packages_skip_up_to=None, packages_select_build_failed=False, packages_skip_build_finished=False, packages_select_test_failures=False, packages_skip_test_passed=False, packages_select=None, packages_skip=None, packages_select_regex=None, packages_skip_regex=None, packages_start=None, packages_end=None, allow_overriding=[], cmake_args=None, cmake_target=None, cmake_target_skip_unavailable=False, cmake_clean_cache=False, cmake_clean_first=False, cmake_force_configure=False, ament_cmake_args=None, catkin_cmake_args=None, catkin_skip_building_tests=False, verb_parser=<colcon_defaults.argument_parser.defaults.DefaultArgumentsDecorator object at 0x77cc8232cfd0>, verb_extension=<colcon_core.verb.build.BuildVerb object at 0x77cc82c1f250>, main=<bound method BuildVerb.main of <colcon_core.verb.build.BuildVerb object at 0x77cc82c1f250>>)[0m
[0.209s] [34mcolcon.colcon_core.package_discovery[0m [1;30mLevel 1[0m discover_packages(colcon_meta) check parameters
[0.210s] [34mcolcon.colcon_core.package_discovery[0m [1;30mLevel 1[0m discover_packages(recursive) check parameters
[0.210s] [34mcolcon.colcon_core.package_discovery[0m [1;30mLevel 1[0m discover_packages(ignore) check parameters
[0.210s] [34mcolcon.colcon_core.package_discovery[0m [1;30mLevel 1[0m discover_packages(path) check parameters
[0.210s] [34mcolcon.colcon_core.package_discovery[0m [1;30mLevel 1[0m discover_packages(colcon_meta) discover
[0.210s] [34mcolcon.colcon_core.package_discovery[0m [1;30mLevel 1[0m discover_packages(recursive) discover
[0.210s] [34mcolcon.colcon_core.package_discovery[0m [1;30mINFO[0m Crawling recursively for packages in '/home/felipe/puzzlebot_ws'
[0.210s] [34mcolcon.colcon_core.package_identification[0m [1;30mLevel 1[0m _identify(.) by extensions ['ignore', 'ignore_ament_install']
[0.210s] [34mcolcon.colcon_core.package_identification[0m [1;30mLevel 1[0m _identify(.) by extension 'ignore'
[0.210s] [34mcolcon.colcon_core.package_identification[0m [1;30mLevel 1[0m _identify(.) by extension 'ignore_ament_install'
[0.210s] [34mcolcon.colcon_core.package_identification[0m [1;30mLevel 1[0m _identify(.) by extensions ['colcon_pkg']
[0.210s] [34mcolcon.colcon_core.package_identification[0m [1;30mLevel 1[0m _identify(.) by extension 'colcon_pkg'
[0.210s] [34mcolcon.colcon_core.package_identification[0m [1;30mLevel 1[0m _identify(.) by extensions ['colcon_meta']
[0.210s] [34mcolcon.colcon_core.package_identification[0m [1;30mLevel 1[0m _identify(.) by extension 'colcon_meta'
[0.210s] [34mcolcon.colcon_core.package_identification[0m [1;30mLevel 1[0m _identify(.) by extensions ['ros']
[0.210s] [34mcolcon.colcon_core.package_identification[0m [1;30mLevel 1[0m _identify(.) by extension 'ros'
[0.225s] [34mcolcon.colcon_core.package_identification[0m [1;30mLevel 1[0m _identify(.) by extensions ['cmake', 'python']
[0.225s] [34mcolcon.colcon_core.package_identification[0m [1;30mLevel 1[0m _identify(.) by extension 'cmake'
[0.225s] [34mcolcon.colcon_core.package_identification[0m [1;30mLevel 1[0m _identify(.) by extension 'python'
[0.225s] [34mcolcon.colcon_core.package_identification[0m [1;30mLevel 1[0m _identify(.) by extensions ['python_setup_py']
[0.225s] [34mcolcon.colcon_core.package_identification[0m [1;30mLevel 1[0m _identify(.) by extension 'python_setup_py'
[0.225s] [34mcolcon.colcon_core.package_identification[0m [1;30mLevel 1[0m _identify(build) by extensions ['ignore', 'ignore_ament_install']
[0.225s] [34mcolcon.colcon_core.package_identification[0m [1;30mLevel 1[0m _identify(build) by extension 'ignore'
[0.225s] [34mcolcon.colcon_core.package_identification[0m [1;30mLevel 1[0m _identify(build) ignored
[0.225s] [34mcolcon.colcon_core.package_identification[0m [1;30mLevel 1[0m _identify(install) by extensions ['ignore', 'ignore_ament_install']
[0.225s] [34mcolcon.colcon_core.package_identification[0m [1;30mLevel 1[0m _identify(install) by extension 'ignore'
[0.225s] [34mcolcon.colcon_core.package_identification[0m [1;30mLevel 1[0m _identify(install) ignored
[0.226s] [34mcolcon.colcon_core.package_identification[0m [1;30mLevel 1[0m _identify(log) by extensions ['ignore', 'ignore_ament_install']
[0.226s] [34mcolcon.colcon_core.package_identification[0m [1;30mLevel 1[0m _identify(log) by extension 'ignore'
[0.226s] [34mcolcon.colcon_core.package_identification[0m [1;30mLevel 1[0m _identify(log) ignored
[0.226s] [34mcolcon.colcon_core.package_identification[0m [1;30mLevel 1[0m _identify(src) by extensions ['ignore', 'ignore_ament_install']
[0.226s] [34mcolcon.colcon_core.package_identification[0m [1;30mLevel 1[0m _identify(src) by extension 'ignore'
[0.226s] [34mcolcon.colcon_core.package_identification[0m [1;30mLevel 1[0m _identify(src) by extension 'ignore_ament_install'
[0.226s] [34mcolcon.colcon_core.package_identification[0m [1;30mLevel 1[0m _identify(src) by extensions ['colcon_pkg']
[0.226s] [34mcolcon.colcon_core.package_identification[0m [1;30mLevel 1[0m _identify(src) by extension 'colcon_pkg'
[0.226s] [34mcolcon.colcon_core.package_identification[0m [1;30mLevel 1[0m _identify(src) by extensions ['colcon_meta']
[0.226s] [34mcolcon.colcon_core.package_identification[0m [1;30mLevel 1[0m _identify(src) by extension 'colcon_meta'
[0.226s] [34mcolcon.colcon_core.package_identification[0m [1;30mLevel 1[0m _identify(src) by extensions ['ros']
[0.226s] [34mcolcon.colcon_core.package_identification[0m [1;30mLevel 1[0m _identify(src) by extension 'ros'
[0.226s] [34mcolcon.colcon_core.package_identification[0m [1;30mLevel 1[0m _identify(src) by extensions ['cmake', 'python']
[0.226s] [34mcolcon.colcon_core.package_identification[0m [1;30mLevel 1[0m _identify(src) by extension 'cmake'
[0.226s] [34mcolcon.colcon_core.package_identification[0m [1;30mLevel 1[0m _identify(src) by extension 'python'
[0.226s] [34mcolcon.colcon_core.package_identification[0m [1;30mLevel 1[0m _identify(src) by extensions ['python_setup_py']
[0.226s] [34mcolcon.colcon_core.package_identification[0m [1;30mLevel 1[0m _identify(src) by extension 'python_setup_py'
[0.226s] [34mcolcon.colcon_core.package_identification[0m [1;30mLevel 1[0m _identify(src/config) by extensions ['ignore', 'ignore_ament_install']
[0.226s] [34mcolcon.colcon_core.package_identification[0m [1;30mLevel 1[0m _identify(src/config) by extension 'ignore'
[0.226s] [34mcolcon.colcon_core.package_identification[0m [1;30mLevel 1[0m _identify(src/config) by extension 'ignore_ament_install'
[0.226s] [34mcolcon.colcon_core.package_identification[0m [1;30mLevel 1[0m _identify(src/config) by extensions ['colcon_pkg']
[0.226s] [34mcolcon.colcon_core.package_identification[0m [1;30mLevel 1[0m _identify(src/config) by extension 'colcon_pkg'
[0.226s] [34mcolcon.colcon_core.package_identification[0m [1;30mLevel 1[0m _identify(src/config) by extensions ['colcon_meta']
[0.226s] [34mcolcon.colcon_core.package_identification[0m [1;30mLevel 1[0m _identify(src/config) by extension 'colcon_meta'
[0.226s] [34mcolcon.colcon_core.package_identification[0m [1;30mLevel 1[0m _identify(src/config) by extensions ['ros']
[0.226s] [34mcolcon.colcon_core.package_identification[0m [1;30mLevel 1[0m _identify(src/config) by extension 'ros'
[0.226s] [34mcolcon.colcon_core.package_identification[0m [1;30mLevel 1[0m _identify(src/config) by extensions ['cmake', 'python']
[0.226s] [34mcolcon.colcon_core.package_identification[0m [1;30mLevel 1[0m _identify(src/config) by extension 'cmake'
[0.226s] [34mcolcon.colcon_core.package_identification[0m [1;30mLevel 1[0m _identify(src/config) by extension 'python'
[0.226s] [34mcolcon.colcon_core.package_identification[0m [1;30mLevel 1[0m _identify(src/config) by extensions ['python_setup_py']
[0.226s] [34mcolcon.colcon_core.package_identification[0m [1;30mLevel 1[0m _identify(src/config) by extension 'python_setup_py'
[0.226s] [34mcolcon.colcon_core.package_identification[0m [1;30mLevel 1[0m _identify(src/maps) by extensions ['ignore', 'ignore_ament_install']
[0.226s] [34mcolcon.colcon_core.package_identification[0m [1;30mLevel 1[0m _identify(src/maps) by extension 'ignore'
[0.226s] [34mcolcon.colcon_core.package_identification[0m [1;30mLevel 1[0m _identify(src/maps) by extension 'ignore_ament_install'
[0.227s] [34mcolcon.colcon_core.package_identification[0m [1;30mLevel 1[0m _identify(src/maps) by extensions ['colcon_pkg']
[0.227s] [34mcolcon.colcon_core.package_identification[0m [1;30mLevel 1[0m _identify(src/maps) by extension 'colcon_pkg'
[0.227s] [34mcolcon.colcon_core.package_identification[0m [1;30mLevel 1[0m _identify(src/maps) by extensions ['colcon_meta']
[0.227s] [34mcolcon.colcon_core.package_identification[0m [1;30mLevel 1[0m _identify(src/maps) by extension 'colcon_meta'
[0.227s] [34mcolcon.colcon_core.package_identification[0m [1;30mLevel 1[0m _identify(src/maps) by extensions ['ros']
[0.227s] [34mcolcon.colcon_core.package_identification[0m [1;30mLevel 1[0m _identify(src/maps) by extension 'ros'
[0.227s] [34mcolcon.colcon_core.package_identification[0m [1;30mLevel 1[0m _identify(src/maps) by extensions ['cmake', 'python']
[0.227s] [34mcolcon.colcon_core.package_identification[0m [1;30mLevel 1[0m _identify(src/maps) by extension 'cmake'
[0.227s] [34mcolcon.colcon_core.package_identification[0m [1;30mLevel 1[0m _identify(src/maps) by extension 'python'
[0.227s] [34mcolcon.colcon_core.package_identification[0m [1;30mLevel 1[0m _identify(src/maps) by extensions ['python_setup_py']
[0.227s] [34mcolcon.colcon_core.package_identification[0m [1;30mLevel 1[0m _identify(src/maps) by extension 'python_setup_py'
[0.227s] [34mcolcon.colcon_core.package_identification[0m [1;30mLevel 1[0m _identify(src/mcl_robot_pb) by extensions ['ignore', 'ignore_ament_install']
[0.227s] [34mcolcon.colcon_core.package_identification[0m [1;30mLevel 1[0m _identify(src/mcl_robot_pb) by extension 'ignore'
[0.227s] [34mcolcon.colcon_core.package_identification[0m [1;30mLevel 1[0m _identify(src/mcl_robot_pb) by extension 'ignore_ament_install'
[0.227s] [34mcolcon.colcon_core.package_identification[0m [1;30mLevel 1[0m _identify(src/mcl_robot_pb) by extensions ['colcon_pkg']
[0.227s] [34mcolcon.colcon_core.package_identification[0m [1;30mLevel 1[0m _identify(src/mcl_robot_pb) by extension 'colcon_pkg'
[0.227s] [34mcolcon.colcon_core.package_identification[0m [1;30mLevel 1[0m _identify(src/mcl_robot_pb) by extensions ['colcon_meta']
[0.227s] [34mcolcon.colcon_core.package_identification[0m [1;30mLevel 1[0m _identify(src/mcl_robot_pb) by extension 'colcon_meta'
[0.227s] [34mcolcon.colcon_core.package_identification[0m [1;30mLevel 1[0m _identify(src/mcl_robot_pb) by extensions ['ros']
[0.227s] [34mcolcon.colcon_core.package_identification[0m [1;30mLevel 1[0m _identify(src/mcl_robot_pb) by extension 'ros'
[0.229s] [34mcolcon.colcon_core.package_identification[0m [1;30mDEBUG[0m [32mPackage 'src/mcl_robot_pb' with type 'ros.ament_python' and name 'mcl_robot_pb'[0m
[0.229s] [34mcolcon.colcon_core.package_identification[0m [1;30mLevel 1[0m _identify(src/obstacle_avoidance) by extensions ['ignore', 'ignore_ament_install']
[0.229s] [34mcolcon.colcon_core.package_identification[0m [1;30mLevel 1[0m _identify(src/obstacle_avoidance) by extension 'ignore'
[0.229s] [34mcolcon.colcon_core.package_identification[0m [1;30mLevel 1[0m _identify(src/obstacle_avoidance) by extension 'ignore_ament_install'
[0.229s] [34mcolcon.colcon_core.package_identification[0m [1;30mLevel 1[0m _identify(src/obstacle_avoidance) by extensions ['colcon_pkg']
[0.229s] [34mcolcon.colcon_core.package_identification[0m [1;30mLevel 1[0m _identify(src/obstacle_avoidance) by extension 'colcon_pkg'
[0.229s] [34mcolcon.colcon_core.package_identification[0m [1;30mLevel 1[0m _identify(src/obstacle_avoidance) by extensions ['colcon_meta']
[0.229s] [34mcolcon.colcon_core.package_identification[0m [1;30mLevel 1[0m _identify(src/obstacle_avoidance) by extension 'colcon_meta'
[0.229s] [34mcolcon.colcon_core.package_identification[0m [1;30mLevel 1[0m _identify(src/obstacle_avoidance) by extensions ['ros']
[0.229s] [34mcolcon.colcon_core.package_identification[0m [1;30mLevel 1[0m _identify(src/obstacle_avoidance) by extension 'ros'
[0.229s] [34mcolcon.colcon_core.package_identification[0m [1;30mDEBUG[0m [32mPackage 'src/obstacle_avoidance' with type 'ros.ament_python' and name 'obstacle_avoidance_pb'[0m
[0.229s] [34mcolcon.colcon_core.package_identification[0m [1;30mLevel 1[0m _identify(src/puzzle_sim) by extensions ['ignore', 'ignore_ament_install']
[0.229s] [34mcolcon.colcon_core.package_identification[0m [1;30mLevel 1[0m _identify(src/puzzle_sim) by extension 'ignore'
[0.229s] [34mcolcon.colcon_core.package_identification[0m [1;30mLevel 1[0m _identify(src/puzzle_sim) by extension 'ignore_ament_install'
[0.229s] [34mcolcon.colcon_core.package_identification[0m [1;30mLevel 1[0m _identify(src/puzzle_sim) by extensions ['colcon_pkg']
[0.229s] [34mcolcon.colcon_core.package_identification[0m [1;30mLevel 1[0m _identify(src/puzzle_sim) by extension 'colcon_pkg'
[0.229s] [34mcolcon.colcon_core.package_identification[0m [1;30mLevel 1[0m _identify(src/puzzle_sim) by extensions ['colcon_meta']
[0.230s] [34mcolcon.colcon_core.package_identification[0m [1;30mLevel 1[0m _identify(src/puzzle_sim) by extension 'colcon_meta'
[0.230s] [34mcolcon.colcon_core.package_identification[0m [1;30mLevel 1[0m _identify(src/puzzle_sim) by extensions ['ros']
[0.230s] [34mcolcon.colcon_core.package_identification[0m [1;30mLevel 1[0m _identify(src/puzzle_sim) by extension 'ros'
[0.230s] [34mcolcon.colcon_core.package_identification[0m [1;30mDEBUG[0m [32mPackage 'src/puzzle_sim' with type 'ros.ament_python' and name 'puzzle_sim_pb'[0m
[0.230s] [34mcolcon.colcon_core.package_discovery[0m [1;30mLevel 1[0m discover_packages(recursive) using defaults
[0.230s] [34mcolcon.colcon_core.package_discovery[0m [1;30mLevel 1[0m discover_packages(ignore) discover
[0.230s] [34mcolcon.colcon_core.package_discovery[0m [1;30mLevel 1[0m discover_packages(ignore) using defaults
[0.230s] [34mcolcon.colcon_core.package_discovery[0m [1;30mLevel 1[0m discover_packages(path) discover
[0.230s] [34mcolcon.colcon_core.package_discovery[0m [1;30mLevel 1[0m discover_packages(path) using defaults
[0.245s] [34mcolcon.colcon_core.package_discovery[0m [1;30mLevel 1[0m discover_packages(prefix_path) check parameters
[0.245s] [34mcolcon.colcon_core.package_discovery[0m [1;30mLevel 1[0m discover_packages(prefix_path) discover
[0.246s] [34mcolcon.colcon_installed_package_information.package_discovery[0m [1;30mDEBUG[0m [32mFound 1 installed packages in /home/felipe/puzzlebot_ws/install[0m
[0.246s] [34mcolcon.colcon_installed_package_information.package_discovery[0m [1;30mDEBUG[0m [32mFound 6 installed packages in /home/felipe/ros2_ws/install[0m
[0.247s] [34mcolcon.colcon_installed_package_information.package_discovery[0m [1;30mDEBUG[0m [32mFound 442 installed packages in /opt/ros/humble[0m
[0.249s] [34mcolcon.colcon_core.package_discovery[0m [1;30mLevel 1[0m discover_packages(prefix_path) using defaults
[0.278s] [34mcolcon.colcon_core.verb[0m [1;30mLevel 5[0m set package 'mcl_robot_pb' build argument 'cmake_args' from command line to 'None'
[0.278s] [34mcolcon.colcon_core.verb[0m [1;30mLevel 5[0m set package 'mcl_robot_pb' build argument 'cmake_target' from command line to 'None'
[0.278s] [34mcolcon.colcon_core.verb[0m [1;30mLevel 5[0m set package 'mcl_robot_pb' build argument 'cmake_target_skip_unavailable' from command line to 'False'
[0.278s] [34mcolcon.colcon_core.verb[0m [1;30mLevel 5[0m set package 'mcl_robot_pb' build argument 'cmake_clean_cache' from command line to 'False'
[0.278s] [34mcolcon.colcon_core.verb[0m [1;30mLevel 5[0m set package 'mcl_robot_pb' build argument 'cmake_clean_first' from command line to 'False'
[0.278s] [34mcolcon.colcon_core.verb[0m [1;30mLevel 5[0m set package 'mcl_robot_pb' build argument 'cmake_force_configure' from command line to 'False'
[0.278s] [34mcolcon.colcon_core.verb[0m [1;30mLevel 5[0m set package 'mcl_robot_pb' build argument 'ament_cmake_args' from command line to 'None'
[0.278s] [34mcolcon.colcon_core.verb[0m [1;30mLevel 5[0m set package 'mcl_robot_pb' build argument 'catkin_cmake_args' from command line to 'None'
[0.279s] [34mcolcon.colcon_core.verb[0m [1;30mLevel 5[0m set package 'mcl_robot_pb' build argument 'catkin_skip_building_tests' from command line to 'False'
[0.279s] [34mcolcon.colcon_core.verb[0m [1;30mDEBUG[0m [32mBuilding package 'mcl_robot_pb' with the following arguments: {'ament_cmake_args': None, 'build_base': '/home/felipe/puzzlebot_ws/build/mcl_robot_pb', 'catkin_cmake_args': None, 'catkin_skip_building_tests': False, 'cmake_args': None, 'cmake_clean_cache': False, 'cmake_clean_first': False, 'cmake_force_configure': False, 'cmake_target': None, 'cmake_target_skip_unavailable': False, 'install_base': '/home/felipe/puzzlebot_ws/install/mcl_robot_pb', 'merge_install': False, 'path': '/home/felipe/puzzlebot_ws/src/mcl_robot_pb', 'symlink_install': False, 'test_result_base': None}[0m
[0.279s] [34mcolcon.colcon_core.verb[0m [1;30mLevel 5[0m set package 'obstacle_avoidance_pb' build argument 'cmake_args' from command line to 'None'
[0.279s] [34mcolcon.colcon_core.verb[0m [1;30mLevel 5[0m set package 'obstacle_avoidance_pb' build argument 'cmake_target' from command line to 'None'
[0.279s] [34mcolcon.colcon_core.verb[0m [1;30mLevel 5[0m set package 'obstacle_avoidance_pb' build argument 'cmake_target_skip_unavailable' from command line to 'False'
[0.279s] [34mcolcon.colcon_core.verb[0m [1;30mLevel 5[0m set package 'obstacle_avoidance_pb' build argument 'cmake_clean_cache' from command line to 'False'
[0.279s] [34mcolcon.colcon_core.verb[0m [1;30mLevel 5[0m set package 'obstacle_avoidance_pb' build argument 'cmake_clean_first' from command line to 'False'
[0.279s] [34mcolcon.colcon_core.verb[0m [1;30mLevel 5[0m set package 'obstacle_avoidance_pb' build argument 'cmake_force_configure' from command line to 'False'
[0.279s] [34mcolcon.colcon_core.verb[0m [1;30mLevel 5[0m set package 'obstacle_avoidance_pb' build argument 'ament_cmake_args' from command line to 'None'
[0.279s] [34mcolcon.colcon_core.verb[0m [1;30mLevel 5[0m set package 'obstacle_avoidance_pb' build argument 'catkin_cmake_args' from command line to 'None'
[0.279s] [34mcolcon.colcon_core.verb[0m [1;30mLevel 5[0m set package 'obstacle_avoidance_pb' build argument 'catkin_skip_building_tests' from command line to 'False'
[0.279s] [34mcolcon.colcon_core.verb[0m [1;30mDEBUG[0m [32mBuilding package 'obstacle_avoidance_pb' with the following arguments: {'ament_cmake_args': None, 'build_base': '/home/felipe/puzzlebot_ws/build/obstacle_avoidance_pb', 'catkin_cmake_args': None, 'catkin_skip_building_tests': False, 'cmake_args': None, 'cmake_clean_cache': False, 'cmake_clean_first': False, 'cmake_force_configure': False, 'cmake_target': None, 'cmake_target_skip_unavailable': False, 'install_base': '/home/felipe/puzzlebot_ws/install/obstacle_avoidance_pb', 'merge_install': False, 'path': '/home/felipe/puzzlebot_ws/src/obstacle_avoidance', 'symlink_install': False, 'test_result_base': None}[0m
[0.279s] [34mcolcon.colcon_core.verb[0m [1;30mLevel 5[0m set package 'puzzle_sim_pb' build argument 'cmake_args' from command line to 'None'
[0.279s] [34mcolcon.colcon_core.verb[0m [1;30mLevel 5[0m set package 'puzzle_sim_pb' build argument 'cmake_target' from command line to 'None'
[0.279s] [34mcolcon.colcon_core.verb[0m [1;30mLevel 5[0m set package 'puzzle_sim_pb' build argument 'cmake_target_skip_unavailable' from command line to 'False'
[0.279s] [34mcolcon.colcon_core.verb[0m [1;30mLevel 5[0m set package 'puzzle_sim_pb' build argument 'cmake_clean_cache' from command line to 'False'
[0.279s] [34mcolcon.colcon_core.verb[0m [1;30mLevel 5[0m set package 'puzzle_sim_pb' build argument 'cmake_clean_first' from command line to 'False'
[0.279s] [34mcolcon.colcon_core.verb[0m [1;30mLevel 5[0m set package 'puzzle_sim_pb' build argument 'cmake_force_configure' from command line to 'False'
[0.279s] [34mcolcon.colcon_core.verb[0m [1;30mLevel 5[0m set package 'puzzle_sim_pb' build argument 'ament_cmake_args' from command line to 'None'
[0.279s] [34mcolcon.colcon_core.verb[0m [1;30mLevel 5[0m set package 'puzzle_sim_pb' build argument 'catkin_cmake_args' from command line to 'None'
[0.279s] [34mcolcon.colcon_core.verb[0m [1;30mLevel 5[0m set package 'puzzle_sim_pb' build argument 'catkin_skip_building_tests' from command line to 'False'
[0.279s] [34mcolcon.colcon_core.verb[0m [1;30mDEBUG[0m [32mBuilding package 'puzzle_sim_pb' with the following arguments: {'ament_cmake_args': None, 'build_base': '/home/felipe/puzzlebot_ws/build/puzzle_sim_pb', 'catkin_cmake_args': None, 'catkin_skip_building_tests': False, 'cmake_args': None, 'cmake_clean_cache': False, 'cmake_clean_first': False, 'cmake_force_configure': False, 'cmake_target': None, 'cmake_target_skip_unavailable': False, 'install_base': '/home/felipe/puzzlebot_ws/install/puzzle_sim_pb', 'merge_install': False, 'path': '/home/felipe/puzzlebot_ws/src/puzzle_sim', 'symlink_install': False, 'test_result_base': None}[0m
[0.280s] [34mcolcon.colcon_core.executor[0m [1;30mINFO[0m Executing jobs using 'parallel' executor
[0.280s] [34mcolcon.colcon_parallel_executor.executor.parallel[0m [1;30mDEBUG[0m [32mrun_until_complete[0m
[0.281s] [34mcolcon.colcon_ros.task.ament_python.build[0m [1;30mINFO[0m Building ROS package in '/home/felipe/puzzlebot_ws/src/mcl_robot_pb' with build type 'ament_python'
[0.281s] [34mcolcon.colcon_core.shell[0m [1;30mLevel 1[0m create_environment_hook('mcl_robot_pb', 'ament_prefix_path')
[0.282s] [34mcolcon.colcon_core.plugin_system[0m [1;30mINFO[0m Skipping extension 'colcon_core.shell.bat': Not used on non-Windows systems
[0.282s] [34mcolcon.colcon_core.shell[0m [1;30mINFO[0m Creating environment hook '/home/felipe/puzzlebot_ws/install/mcl_robot_pb/share/mcl_robot_pb/hook/ament_prefix_path.ps1'
[0.283s] [34mcolcon.colcon_core.shell[0m [1;30mINFO[0m Creating environment descriptor '/home/felipe/puzzlebot_ws/install/mcl_robot_pb/share/mcl_robot_pb/hook/ament_prefix_path.dsv'
[0.283s] [34mcolcon.colcon_core.shell[0m [1;30mINFO[0m Creating environment hook '/home/felipe/puzzlebot_ws/install/mcl_robot_pb/share/mcl_robot_pb/hook/ament_prefix_path.sh'
[0.284s] [34mcolcon.colcon_core.shell[0m [1;30mINFO[0m Skip shell extension 'powershell' for command environment: Not usable outside of PowerShell
[0.284s] [34mcolcon.colcon_core.shell[0m [1;30mDEBUG[0m [32mSkip shell extension 'dsv' for command environment[0m
[0.287s] [34mcolcon.colcon_ros.task.ament_python.build[0m [1;30mINFO[0m Building ROS package in '/home/felipe/puzzlebot_ws/src/obstacle_avoidance' with build type 'ament_python'
[0.287s] [34mcolcon.colcon_core.shell[0m [1;30mLevel 1[0m create_environment_hook('obstacle_avoidance_pb', 'ament_prefix_path')
[0.287s] [34mcolcon.colcon_core.shell[0m [1;30mINFO[0m Creating environment hook '/home/felipe/puzzlebot_ws/install/obstacle_avoidance_pb/share/obstacle_avoidance_pb/hook/ament_prefix_path.ps1'
[0.287s] [34mcolcon.colcon_core.shell[0m [1;30mINFO[0m Creating environment descriptor '/home/felipe/puzzlebot_ws/install/obstacle_avoidance_pb/share/obstacle_avoidance_pb/hook/ament_prefix_path.dsv'
[0.288s] [34mcolcon.colcon_core.shell[0m [1;30mINFO[0m Creating environment hook '/home/felipe/puzzlebot_ws/install/obstacle_avoidance_pb/share/obstacle_avoidance_pb/hook/ament_prefix_path.sh'
[0.289s] [34mcolcon.colcon_core.shell[0m [1;30mINFO[0m Skip shell extension 'powershell' for command environment: Not usable outside of PowerShell
[0.289s] [34mcolcon.colcon_core.shell[0m [1;30mDEBUG[0m [32mSkip shell extension 'dsv' for command environment[0m
[0.293s] [34mcolcon.colcon_ros.task.ament_python.build[0m [1;30mINFO[0m Building ROS package in '/home/felipe/puzzlebot_ws/src/puzzle_sim' with build type 'ament_python'
[0.294s] [34mcolcon.colcon_core.shell[0m [1;30mLevel 1[0m create_environment_hook('puzzle_sim_pb', 'ament_prefix_path')
[0.294s] [34mcolcon.colcon_core.shell[0m [1;30mINFO[0m Creating environment hook '/home/felipe/puzzlebot_ws/install/puzzle_sim_pb/share/puzzle_sim_pb/hook/ament_prefix_path.ps1'
[0.295s] [34mcolcon.colcon_core.shell[0m [1;30mINFO[0m Creating environment descriptor '/home/felipe/puzzlebot_ws/install/puzzle_sim_pb/share/puzzle_sim_pb/hook/ament_prefix_path.dsv'
[0.296s] [34mcolcon.colcon_core.shell[0m [1;30mINFO[0m Creating environment hook '/home/felipe/puzzlebot_ws/install/puzzle_sim_pb/share/puzzle_sim_pb/hook/ament_prefix_path.sh'
[0.296s] [34mcolcon.colcon_core.shell[0m [1;30mINFO[0m Skip shell extension 'powershell' for command environment: Not usable outside of PowerShell
[0.297s] [34mcolcon.colcon_core.shell[0m [1;30mDEBUG[0m [32mSkip shell extension 'dsv' for command environment[0m
[0.490s] [34mcolcon.colcon_core.task.python.build[0m [1;30mINFO[0m Building Python package in '/home/felipe/puzzlebot_ws/src/mcl_robot_pb'
[0.490s] [34mcolcon.colcon_core.shell[0m [1;30mINFO[0m Skip shell extension 'powershell' for command environment: Not usable outside of PowerShell
[0.490s] [34mcolcon.colcon_core.shell[0m [1;30mDEBUG[0m [32mSkip shell extension 'dsv' for command environment[0m
[0.695s] [34mcolcon.colcon_core.task.python.build[0m [1;30mINFO[0m Building Python package in '/home/felipe/puzzlebot_ws/src/obstacle_avoidance'
[0.695s] [34mcolcon.colcon_core.shell[0m [1;30mINFO[0m Skip shell extension 'powershell' for command environment: Not usable outside of PowerShell
[0.695s] [34mcolcon.colcon_core.shell[0m [1;30mDEBUG[0m [32mSkip shell extension 'dsv' for command environment[0m
[0.891s] [34mcolcon.colcon_core.task.python.build[0m [1;30mINFO[0m Building Python package in '/home/felipe/puzzlebot_ws/src/puzzle_sim'
[0.891s] [34mcolcon.colcon_core.shell[0m [1;30mINFO[0m Skip shell extension 'powershell' for command environment: Not usable outside of PowerShell
[0.891s] [34mcolcon.colcon_core.shell[0m [1;30mDEBUG[0m [32mSkip shell extension 'dsv' for command environment[0m
[1.250s] [34mcolcon.colcon_core.event_handler.log_command[0m [1;30mDEBUG[0m [32mInvoking command in '/home/felipe/puzzlebot_ws/src/mcl_robot_pb': PYTHONPATH=/home/felipe/puzzlebot_ws/build/mcl_robot_pb/prefix_override:/usr/lib/python3/dist-packages/colcon_core/task/python/colcon_distutils_commands:/home/felipe/puzzlebot_ws/install/mcl_robot_pb/lib/python3.10/site-packages:${PYTHONPATH} /usr/bin/python3 -W ignore:setup.py install is deprecated -W ignore:easy_install command is deprecated setup.py egg_info --egg-base ../../build/mcl_robot_pb build --build-base /home/felipe/puzzlebot_ws/build/mcl_robot_pb/build install --record /home/felipe/puzzlebot_ws/build/mcl_robot_pb/install.log --single-version-externally-managed install_data[0m
[1.252s] [34mcolcon.colcon_core.event_handler.log_command[0m [1;30mDEBUG[0m [32mInvoking command in '/home/felipe/puzzlebot_ws/src/obstacle_avoidance': PYTHONPATH=/home/felipe/puzzlebot_ws/build/obstacle_avoidance_pb/prefix_override:/usr/lib/python3/dist-packages/colcon_core/task/python/colcon_distutils_commands:/home/felipe/puzzlebot_ws/install/obstacle_avoidance_pb/lib/python3.10/site-packages:${PYTHONPATH} /usr/bin/python3 -W ignore:setup.py install is deprecated -W ignore:easy_install command is deprecated setup.py egg_info --egg-base ../../build/obstacle_avoidance_pb build --build-base /home/felipe/puzzlebot_ws/build/obstacle_avoidance_pb/build install --record /home/felipe/puzzlebot_ws/build/obstacle_avoidance_pb/install.log --single-version-externally-managed install_data[0m
[1.262s] [34mcolcon.colcon_core.event_handler.log_command[0m [1;30mDEBUG[0m [32mInvoking command in '/home/felipe/puzzlebot_ws/src/puzzle_sim': PYTHONPATH=/home/felipe/puzzlebot_ws/build/puzzle_sim_pb/prefix_override:/usr/lib/python3/dist-packages/colcon_core/task/python/colcon_distutils_commands:/home/felipe/puzzlebot_ws/install/puzzle_sim_pb/lib/python3.10/site-packages:${PYTHONPATH} /usr/bin/python3 -W ignore:setup.py install is deprecated -W ignore:easy_install command is deprecated setup.py egg_info --egg-base ../../build/puzzle_sim_pb build --build-base /home/felipe/puzzlebot_ws/build/puzzle_sim_pb/build install --record /home/felipe/puzzlebot_ws/build/puzzle_sim_pb/install.log --single-version-externally-managed install_data[0m
[1.508s] [34mcolcon.colcon_core.event_handler.log_command[0m [1;30mDEBUG[0m [32mInvoked command in '/home/felipe/puzzlebot_ws/src/mcl_robot_pb' returned '1': PYTHONPATH=/home/felipe/puzzlebot_ws/build/mcl_robot_pb/prefix_override:/usr/lib/python3/dist-packages/colcon_core/task/python/colcon_distutils_commands:/home/felipe/puzzlebot_ws/install/mcl_robot_pb/lib/python3.10/site-packages:${PYTHONPATH} /usr/bin/python3 -W ignore:setup.py install is deprecated -W ignore:easy_install command is deprecated setup.py egg_info --egg-base ../../build/mcl_robot_pb build --build-base /home/felipe/puzzlebot_ws/build/mcl_robot_pb/build install --record /home/felipe/puzzlebot_ws/build/mcl_robot_pb/install.log --single-version-externally-managed install_data[0m
[1.561s] [34mcolcon.colcon_parallel_executor.executor.parallel[0m [1;30mDEBUG[0m [32mclosing loop[0m
[1.561s] [34mcolcon.colcon_parallel_executor.executor.parallel[0m [1;30mDEBUG[0m [32mloop closed[0m
[1.562s] [34mcolcon.colcon_parallel_executor.executor.parallel[0m [1;30mDEBUG[0m [32mrun_until_complete finished with '1'[0m
[1.562s] [34mcolcon.colcon_core.event_reactor[0m [1;30mDEBUG[0m [32mjoining thread[0m
[1.566s] [34mcolcon.colcon_core.plugin_system[0m [1;30mINFO[0m Skipping extension 'colcon_notification.desktop_notification.terminal_notifier': Not used on non-Darwin systems
[1.567s] [34mcolcon.colcon_core.plugin_system[0m [1;30mINFO[0m Skipping extension 'colcon_notification.desktop_notification.win32': Not used on non-Windows systems
[1.567s] [34mcolcon.colcon_notification.desktop_notification[0m [1;30mINFO[0m Sending desktop notification using 'notify2'
[1.579s] [34mcolcon.colcon_core.event_reactor[0m [1;30mDEBUG[0m [32mjoined thread[0m
[1.580s] [34mcolcon.colcon_core.shell[0m [1;30mINFO[0m Creating prefix script '/home/felipe/puzzlebot_ws/install/local_setup.ps1'
[1.581s] [34mcolcon.colcon_core.shell[0m [1;30mINFO[0m Creating prefix util module '/home/felipe/puzzlebot_ws/install/_local_setup_util_ps1.py'
[1.582s] [34mcolcon.colcon_core.shell[0m [1;30mINFO[0m Creating prefix chain script '/home/felipe/puzzlebot_ws/install/setup.ps1'
[1.582s] [34mcolcon.colcon_core.shell[0m [1;30mINFO[0m Creating prefix script '/home/felipe/puzzlebot_ws/install/local_setup.sh'
[1.583s] [34mcolcon.colcon_core.shell[0m [1;30mINFO[0m Creating prefix util module '/home/felipe/puzzlebot_ws/install/_local_setup_util_sh.py'
[1.583s] [34mcolcon.colcon_core.shell[0m [1;30mINFO[0m Creating prefix chain script '/home/felipe/puzzlebot_ws/install/setup.sh'
[1.584s] [34mcolcon.colcon_core.shell[0m [1;30mINFO[0m Creating prefix script '/home/felipe/puzzlebot_ws/install/local_setup.bash'
[1.585s] [34mcolcon.colcon_core.shell[0m [1;30mINFO[0m Creating prefix chain script '/home/felipe/puzzlebot_ws/install/setup.bash'
[1.586s] [34mcolcon.colcon_core.shell[0m [1;30mINFO[0m Creating prefix script '/home/felipe/puzzlebot_ws/install/local_setup.zsh'
[1.586s] [34mcolcon.colcon_core.shell[0m [1;30mINFO[0m Creating prefix chain script '/home/felipe/puzzlebot_ws/install/setup.zsh'
