[0.468s] Invoking command in '/home/felipe/puzzlebot_ws/src': PYTHONPATH=/home/felipe/puzzlebot_ws/build/mcl_robot_pb/prefix_override:/usr/lib/python3/dist-packages/colcon_core/task/python/colcon_distutils_commands:/home/felipe/puzzlebot_ws/install/mcl_robot_pb/lib/python3.10/site-packages:${PYTHONPATH} /usr/bin/python3 -W ignore:setup.py install is deprecated -W ignore:easy_install command is deprecated setup.py egg_info --egg-base ../build/mcl_robot_pb build --build-base /home/felipe/puzzlebot_ws/build/mcl_robot_pb/build install --record /home/felipe/puzzlebot_ws/build/mcl_robot_pb/install.log --single-version-externally-managed install_data
[0.659s] running egg_info
[0.660s] creating ../build/mcl_robot_pb/mcl_robot_pb.egg-info
[0.660s] writing manifest file '../build/mcl_robot_pb/mcl_robot_pb.egg-info/SOURCES.txt'
[0.662s] writing manifest file '../build/mcl_robot_pb/mcl_robot_pb.egg-info/SOURCES.txt'
[0.662s] running build
[0.662s] running build_py
[0.663s] creating /home/felipe/puzzlebot_ws/build/mcl_robot_pb/build
[0.663s] creating /home/felipe/puzzlebot_ws/build/mcl_robot_pb/build/lib
[0.663s] creating /home/felipe/puzzlebot_ws/build/mcl_robot_pb/build/lib/mcl_robot
[0.663s] copying mcl_robot/extraer.py -> /home/felipe/puzzlebot_ws/build/mcl_robot_pb/build/lib/mcl_robot
[0.663s] copying mcl_robot/slam_node.py -> /home/felipe/puzzlebot_ws/build/mcl_robot_pb/build/lib/mcl_robot
[0.663s] copying mcl_robot/odom_node.py -> /home/felipe/puzzlebot_ws/build/mcl_robot_pb/build/lib/mcl_robot
[0.663s] copying mcl_robot/__init__.py -> /home/felipe/puzzlebot_ws/build/mcl_robot_pb/build/lib/mcl_robot
[0.663s] copying mcl_robot/mcl_node.py -> /home/felipe/puzzlebot_ws/build/mcl_robot_pb/build/lib/mcl_robot
[0.663s] copying mcl_robot/exploration_node.py -> /home/felipe/puzzlebot_ws/build/mcl_robot_pb/build/lib/mcl_robot
[0.663s] copying mcl_robot/astar_node.py -> /home/felipe/puzzlebot_ws/build/mcl_robot_pb/build/lib/mcl_robot
[0.664s] copying mcl_robot/mapa.py -> /home/felipe/puzzlebot_ws/build/mcl_robot_pb/build/lib/mcl_robot
[0.664s] running install
[0.664s] running install_lib
[0.665s] creating /home/felipe/puzzlebot_ws/install/mcl_robot_pb/lib/python3.10/site-packages/mcl_robot
[0.666s] byte-compiling /home/felipe/puzzlebot_ws/install/mcl_robot_pb/lib/python3.10/site-packages/mcl_robot/extraer.py to extraer.cpython-310.pyc
[0.666s] byte-compiling /home/felipe/puzzlebot_ws/install/mcl_robot_pb/lib/python3.10/site-packages/mcl_robot/slam_node.py to slam_node.cpython-310.pyc
[0.668s] byte-compiling /home/felipe/puzzlebot_ws/install/mcl_robot_pb/lib/python3.10/site-packages/mcl_robot/odom_node.py to odom_node.cpython-310.pyc
[0.669s] byte-compiling /home/felipe/puzzlebot_ws/install/mcl_robot_pb/lib/python3.10/site-packages/mcl_robot/__init__.py to __init__.cpython-310.pyc
[0.669s] byte-compiling /home/felipe/puzzlebot_ws/install/mcl_robot_pb/lib/python3.10/site-packages/mcl_robot/mcl_node.py to mcl_node.cpython-310.pyc
[0.672s] byte-compiling /home/felipe/puzzlebot_ws/install/mcl_robot_pb/lib/python3.10/site-packages/mcl_robot/exploration_node.py to exploration_node.cpython-310.pyc
[0.675s] byte-compiling /home/felipe/puzzlebot_ws/install/mcl_robot_pb/lib/python3.10/site-packages/mcl_robot/astar_node.py to astar_node.cpython-310.pyc
[0.677s] byte-compiling /home/felipe/puzzlebot_ws/install/mcl_robot_pb/lib/python3.10/site-packages/mcl_robot/mapa.py to mapa.cpython-310.pyc
[0.677s] running install_data
[0.677s] creating /home/felipe/puzzlebot_ws/install/mcl_robot_pb/share/ament_index
[0.678s] creating /home/felipe/puzzlebot_ws/install/mcl_robot_pb/share/ament_index/resource_index
[0.678s] creating /home/felipe/puzzlebot_ws/install/mcl_robot_pb/share/ament_index/resource_index/packages
[0.678s] error: can't copy 'resource/mcl_robot_pb': doesn't exist or not a regular file
[0.704s] Invoked command in '/home/felipe/puzzlebot_ws/src' returned '1': PYTHONPATH=/home/felipe/puzzlebot_ws/build/mcl_robot_pb/prefix_override:/usr/lib/python3/dist-packages/colcon_core/task/python/colcon_distutils_commands:/home/felipe/puzzlebot_ws/install/mcl_robot_pb/lib/python3.10/site-packages:${PYTHONPATH} /usr/bin/python3 -W ignore:setup.py install is deprecated -W ignore:easy_install command is deprecated setup.py egg_info --egg-base ../build/mcl_robot_pb build --build-base /home/felipe/puzzlebot_ws/build/mcl_robot_pb/build install --record /home/felipe/puzzlebot_ws/build/mcl_robot_pb/install.log --single-version-externally-managed install_data
