[0.839s] Invoking command in '/home/felipe/puzzlebot_ws/src/puzzle_sim': PYTHONPATH=/home/felipe/puzzlebot_ws/build/puzzle_sim_pb/prefix_override:/usr/lib/python3/dist-packages/colcon_core/task/python/colcon_distutils_commands:/home/felipe/puzzlebot_ws/install/puzzle_sim_pb/lib/python3.10/site-packages:${PYTHONPATH} /usr/bin/python3 -W ignore:setup.py install is deprecated -W ignore:easy_install command is deprecated setup.py egg_info --egg-base ../../build/puzzle_sim_pb build --build-base /home/felipe/puzzlebot_ws/build/puzzle_sim_pb/build install --record /home/felipe/puzzlebot_ws/build/puzzle_sim_pb/install.log --single-version-externally-managed install_data
[1.029s] running egg_info
[1.032s] writing manifest file '../../build/puzzle_sim_pb/puzzle_sim_pb.egg-info/SOURCES.txt'
[1.032s] running build
[1.032s] running build_py
[1.032s] creating /home/felipe/puzzlebot_ws/build/puzzle_sim_pb/build
[1.032s] creating /home/felipe/puzzlebot_ws/build/puzzle_sim_pb/build/lib
[1.032s] creating /home/felipe/puzzlebot_ws/build/puzzle_sim_pb/build/lib/puzzle_sim_pb
[1.032s] copying puzzle_sim_pb/__init__.py -> /home/felipe/puzzlebot_ws/build/puzzle_sim_pb/build/lib/puzzle_sim_pb
[1.033s] running install
[1.033s] running install_lib
[1.034s] creating /home/felipe/puzzlebot_ws/install/puzzle_sim_pb/lib/python3.10/site-packages/puzzle_sim_pb
[1.034s] byte-compiling /home/felipe/puzzlebot_ws/install/puzzle_sim_pb/lib/python3.10/site-packages/puzzle_sim_pb/__init__.py to __init__.cpython-310.pyc
[1.034s] running install_data
[1.034s] creating /home/felipe/puzzlebot_ws/install/puzzle_sim_pb/share/ament_index
[1.034s] creating /home/felipe/puzzlebot_ws/install/puzzle_sim_pb/share/ament_index/resource_index
[1.034s] creating /home/felipe/puzzlebot_ws/install/puzzle_sim_pb/share/ament_index/resource_index/packages
[1.034s] copying resource/puzzle_sim_pb -> /home/felipe/puzzlebot_ws/install/puzzle_sim_pb/share/ament_index/resource_index/packages
[1.034s] copying package.xml -> /home/felipe/puzzlebot_ws/install/puzzle_sim_pb/share/puzzle_sim_pb
[1.034s] creating /home/felipe/puzzlebot_ws/install/puzzle_sim_pb/share/puzzle_sim_pb/launch
[1.035s] copying launch/gazebo.launch.py -> /home/felipe/puzzlebot_ws/install/puzzle_sim_pb/share/puzzle_sim_pb/launch
[1.035s] creating /home/felipe/puzzlebot_ws/install/puzzle_sim_pb/share/puzzle_sim_pb/urdf
[1.035s] copying urdf/materials.xacro -> /home/felipe/puzzlebot_ws/install/puzzle_sim_pb/share/puzzle_sim_pb/urdf
[1.035s] copying urdf/parameters.xacro -> /home/felipe/puzzlebot_ws/install/puzzle_sim_pb/share/puzzle_sim_pb/urdf
[1.035s] copying urdf/macros.xacro -> /home/felipe/puzzlebot_ws/install/puzzle_sim_pb/share/puzzle_sim_pb/urdf
[1.035s] copying urdf/puzzlebot.urdf -> /home/felipe/puzzlebot_ws/install/puzzle_sim_pb/share/puzzle_sim_pb/urdf
[1.035s] creating /home/felipe/puzzlebot_ws/install/puzzle_sim_pb/share/puzzle_sim_pb/meshes
[1.035s] copying meshes/chassis2.stl -> /home/felipe/puzzlebot_ws/install/puzzle_sim_pb/share/puzzle_sim_pb/meshes
[1.041s] copying meshes/wheel2.stl -> /home/felipe/puzzlebot_ws/install/puzzle_sim_pb/share/puzzle_sim_pb/meshes
[1.042s] copying meshes/LiDAR.stl -> /home/felipe/puzzlebot_ws/install/puzzle_sim_pb/share/puzzle_sim_pb/meshes
[1.042s] copying meshes/wheel.stl -> /home/felipe/puzzlebot_ws/install/puzzle_sim_pb/share/puzzle_sim_pb/meshes
[1.043s] copying meshes/chassis.stl -> /home/felipe/puzzlebot_ws/install/puzzle_sim_pb/share/puzzle_sim_pb/meshes
[1.050s] creating /home/felipe/puzzlebot_ws/install/puzzle_sim_pb/share/puzzle_sim_pb/xacro
[1.050s] copying xacro/materials.xacro -> /home/felipe/puzzlebot_ws/install/puzzle_sim_pb/share/puzzle_sim_pb/xacro
[1.050s] copying xacro/parameters.xacro -> /home/felipe/puzzlebot_ws/install/puzzle_sim_pb/share/puzzle_sim_pb/xacro
[1.050s] copying xacro/puzzlebot.urdf.xacro -> /home/felipe/puzzlebot_ws/install/puzzle_sim_pb/share/puzzle_sim_pb/xacro
[1.050s] copying xacro/macros.xacro -> /home/felipe/puzzlebot_ws/install/puzzle_sim_pb/share/puzzle_sim_pb/xacro
[1.050s] running install_egg_info
[1.052s] Copying ../../build/puzzle_sim_pb/puzzle_sim_pb.egg-info to /home/felipe/puzzlebot_ws/install/puzzle_sim_pb/lib/python3.10/site-packages/puzzle_sim_pb-0.0.1-py3.10.egg-info
[1.052s] running install_scripts
[1.070s] writing list of installed files to '/home/felipe/puzzlebot_ws/build/puzzle_sim_pb/install.log'
[1.105s] Invoked command in '/home/felipe/puzzlebot_ws/src/puzzle_sim' returned '0': PYTHONPATH=/home/felipe/puzzlebot_ws/build/puzzle_sim_pb/prefix_override:/usr/lib/python3/dist-packages/colcon_core/task/python/colcon_distutils_commands:/home/felipe/puzzlebot_ws/install/puzzle_sim_pb/lib/python3.10/site-packages:${PYTHONPATH} /usr/bin/python3 -W ignore:setup.py install is deprecated -W ignore:easy_install command is deprecated setup.py egg_info --egg-base ../../build/puzzle_sim_pb build --build-base /home/felipe/puzzlebot_ws/build/puzzle_sim_pb/build install --record /home/felipe/puzzlebot_ws/build/puzzle_sim_pb/install.log --single-version-externally-managed install_data
