/home/felipe/puzzlebot_ws/install/obstacle_avoidance_pb/lib/python3.10/site-packages/obstacle_avoidance/bug1.py
/home/felipe/puzzlebot_ws/install/obstacle_avoidance_pb/lib/python3.10/site-packages/obstacle_avoidance/avoider_node.py
/home/felipe/puzzlebot_ws/install/obstacle_avoidance_pb/lib/python3.10/site-packages/obstacle_avoidance/__init__.py
/home/felipe/puzzlebot_ws/install/obstacle_avoidance_pb/lib/python3.10/site-packages/obstacle_avoidance/bug0.py
/home/felipe/puzzlebot_ws/install/obstacle_avoidance_pb/lib/python3.10/site-packages/obstacle_avoidance/bug2.py
/home/felipe/puzzlebot_ws/install/obstacle_avoidance_pb/lib/python3.10/site-packages/obstacle_avoidance/__pycache__/bug1.cpython-310.pyc
/home/felipe/puzzlebot_ws/install/obstacle_avoidance_pb/lib/python3.10/site-packages/obstacle_avoidance/__pycache__/avoider_node.cpython-310.pyc
/home/felipe/puzzlebot_ws/install/obstacle_avoidance_pb/lib/python3.10/site-packages/obstacle_avoidance/__pycache__/__init__.cpython-310.pyc
/home/felipe/puzzlebot_ws/install/obstacle_avoidance_pb/lib/python3.10/site-packages/obstacle_avoidance/__pycache__/bug0.cpython-310.pyc
/home/felipe/puzzlebot_ws/install/obstacle_avoidance_pb/lib/python3.10/site-packages/obstacle_avoidance/__pycache__/bug2.cpython-310.pyc
/home/felipe/puzzlebot_ws/install/obstacle_avoidance_pb/share/ament_index/resource_index/packages/obstacle_avoidance_pb
/home/felipe/puzzlebot_ws/install/obstacle_avoidance_pb/share/obstacle_avoidance_pb/package.xml
/home/felipe/puzzlebot_ws/install/obstacle_avoidance_pb/lib/python3.10/site-packages/obstacle_avoidance_pb-0.0.0-py3.10.egg-info/SOURCES.txt
/home/felipe/puzzlebot_ws/install/obstacle_avoidance_pb/lib/python3.10/site-packages/obstacle_avoidance_pb-0.0.0-py3.10.egg-info/requires.txt
/home/felipe/puzzlebot_ws/install/obstacle_avoidance_pb/lib/python3.10/site-packages/obstacle_avoidance_pb-0.0.0-py3.10.egg-info/dependency_links.txt
/home/felipe/puzzlebot_ws/install/obstacle_avoidance_pb/lib/python3.10/site-packages/obstacle_avoidance_pb-0.0.0-py3.10.egg-info/top_level.txt
/home/felipe/puzzlebot_ws/install/obstacle_avoidance_pb/lib/python3.10/site-packages/obstacle_avoidance_pb-0.0.0-py3.10.egg-info/entry_points.txt
/home/felipe/puzzlebot_ws/install/obstacle_avoidance_pb/lib/python3.10/site-packages/obstacle_avoidance_pb-0.0.0-py3.10.egg-info/PKG-INFO
/home/felipe/puzzlebot_ws/install/obstacle_avoidance_pb/lib/python3.10/site-packages/obstacle_avoidance_pb-0.0.0-py3.10.egg-info/zip-safe
/home/felipe/puzzlebot_ws/install/obstacle_avoidance_pb/lib/obstacle_avoidance_pb/avoider_node
/home/felipe/puzzlebot_ws/install/obstacle_avoidance_pb/lib/obstacle_avoidance_pb/bug0
/home/felipe/puzzlebot_ws/install/obstacle_avoidance_pb/lib/obstacle_avoidance_pb/bug1
/home/felipe/puzzlebot_ws/install/obstacle_avoidance_pb/lib/obstacle_avoidance_pb/bug2
