running egg_info
creating ../build/mcl_robot/mcl_robot.egg-info
writing manifest file '../build/mcl_robot/mcl_robot.egg-info/SOURCES.txt'
writing manifest file '../build/mcl_robot/mcl_robot.egg-info/SOURCES.txt'
running build
running build_py
creating /home/felipe/puzzlebot_ws/build/mcl_robot/build
creating /home/felipe/puzzlebot_ws/build/mcl_robot/build/lib
creating /home/felipe/puzzlebot_ws/build/mcl_robot/build/lib/mcl_robot
copying mcl_robot/extraer.py -> /home/felipe/puzzlebot_ws/build/mcl_robot/build/lib/mcl_robot
copying mcl_robot/slam_node.py -> /home/felipe/puzzlebot_ws/build/mcl_robot/build/lib/mcl_robot
copying mcl_robot/odom_node.py -> /home/felipe/puzzlebot_ws/build/mcl_robot/build/lib/mcl_robot
copying mcl_robot/__init__.py -> /home/felipe/puzzlebot_ws/build/mcl_robot/build/lib/mcl_robot
copying mcl_robot/mcl_node.py -> /home/felipe/puzzlebot_ws/build/mcl_robot/build/lib/mcl_robot
copying mcl_robot/exploration_node.py -> /home/felipe/puzzlebot_ws/build/mcl_robot/build/lib/mcl_robot
copying mcl_robot/astar_node.py -> /home/felipe/puzzlebot_ws/build/mcl_robot/build/lib/mcl_robot
copying mcl_robot/mapa.py -> /home/felipe/puzzlebot_ws/build/mcl_robot/build/lib/mcl_robot
running install
running install_lib
creating /home/felipe/puzzlebot_ws/install/mcl_robot/lib/python3.10/site-packages/mcl_robot
byte-compiling /home/felipe/puzzlebot_ws/install/mcl_robot/lib/python3.10/site-packages/mcl_robot/extraer.py to extraer.cpython-310.pyc
byte-compiling /home/felipe/puzzlebot_ws/install/mcl_robot/lib/python3.10/site-packages/mcl_robot/slam_node.py to slam_node.cpython-310.pyc
byte-compiling /home/felipe/puzzlebot_ws/install/mcl_robot/lib/python3.10/site-packages/mcl_robot/odom_node.py to odom_node.cpython-310.pyc
byte-compiling /home/felipe/puzzlebot_ws/install/mcl_robot/lib/python3.10/site-packages/mcl_robot/__init__.py to __init__.cpython-310.pyc
byte-compiling /home/felipe/puzzlebot_ws/install/mcl_robot/lib/python3.10/site-packages/mcl_robot/mcl_node.py to mcl_node.cpython-310.pyc
byte-compiling /home/felipe/puzzlebot_ws/install/mcl_robot/lib/python3.10/site-packages/mcl_robot/exploration_node.py to exploration_node.cpython-310.pyc
byte-compiling /home/felipe/puzzlebot_ws/install/mcl_robot/lib/python3.10/site-packages/mcl_robot/astar_node.py to astar_node.cpython-310.pyc
byte-compiling /home/felipe/puzzlebot_ws/install/mcl_robot/lib/python3.10/site-packages/mcl_robot/mapa.py to mapa.cpython-310.pyc
running install_data
creating /home/felipe/puzzlebot_ws/install/mcl_robot/share/ament_index
creating /home/felipe/puzzlebot_ws/install/mcl_robot/share/ament_index/resource_index
creating /home/felipe/puzzlebot_ws/install/mcl_robot/share/ament_index/resource_index/packages
copying resource/mcl_robot -> /home/felipe/puzzlebot_ws/install/mcl_robot/share/ament_index/resource_index/packages
copying package.xml -> /home/felipe/puzzlebot_ws/install/mcl_robot/share/mcl_robot
creating /home/felipe/puzzlebot_ws/install/mcl_robot/share/mcl_robot/maps
copying maps/slam_map.npy -> /home/felipe/puzzlebot_ws/install/mcl_robot/share/mcl_robot/maps
copying maps/slam_log_odds.npy -> /home/felipe/puzzlebot_ws/install/mcl_robot/share/mcl_robot/maps
running install_egg_info
Copying ../build/mcl_robot/mcl_robot.egg-info to /home/felipe/puzzlebot_ws/install/mcl_robot/lib/python3.10/site-packages/mcl_robot-0.0.0-py3.10.egg-info
running install_scripts
writing list of installed files to '/home/felipe/puzzlebot_ws/build/mcl_robot/install.log'
