[0.517s] Invoking command in '/home/felipe/puzzlebot_ws/src': PYTHONPATH=/home/felipe/puzzlebot_ws/build/mcl_robot/prefix_override:/usr/lib/python3/dist-packages/colcon_core/task/python/colcon_distutils_commands:/home/felipe/puzzlebot_ws/install/mcl_robot/lib/python3.10/site-packages:${PYTHONPATH} /usr/bin/python3 -W ignore:setup.py install is deprecated -W ignore:easy_install command is deprecated setup.py egg_info --egg-base ../build/mcl_robot build --build-base /home/felipe/puzzlebot_ws/build/mcl_robot/build install --record /home/felipe/puzzlebot_ws/build/mcl_robot/install.log --single-version-externally-managed install_data
[0.674s] running egg_info
[0.674s] creating ../build/mcl_robot/mcl_robot.egg-info
[0.675s] writing manifest file '../build/mcl_robot/mcl_robot.egg-info/SOURCES.txt'
[0.676s] writing manifest file '../build/mcl_robot/mcl_robot.egg-info/SOURCES.txt'
[0.677s] running build
[0.677s] running build_py
[0.677s] creating /home/felipe/puzzlebot_ws/build/mcl_robot/build
[0.677s] creating /home/felipe/puzzlebot_ws/build/mcl_robot/build/lib
[0.677s] creating /home/felipe/puzzlebot_ws/build/mcl_robot/build/lib/mcl_robot
[0.677s] copying mcl_robot/extraer.py -> /home/felipe/puzzlebot_ws/build/mcl_robot/build/lib/mcl_robot
[0.677s] copying mcl_robot/slam_node.py -> /home/felipe/puzzlebot_ws/build/mcl_robot/build/lib/mcl_robot
[0.677s] copying mcl_robot/odom_node.py -> /home/felipe/puzzlebot_ws/build/mcl_robot/build/lib/mcl_robot
[0.677s] copying mcl_robot/__init__.py -> /home/felipe/puzzlebot_ws/build/mcl_robot/build/lib/mcl_robot
[0.677s] copying mcl_robot/mcl_node.py -> /home/felipe/puzzlebot_ws/build/mcl_robot/build/lib/mcl_robot
[0.677s] copying mcl_robot/exploration_node.py -> /home/felipe/puzzlebot_ws/build/mcl_robot/build/lib/mcl_robot
[0.677s] copying mcl_robot/astar_node.py -> /home/felipe/puzzlebot_ws/build/mcl_robot/build/lib/mcl_robot
[0.677s] copying mcl_robot/mapa.py -> /home/felipe/puzzlebot_ws/build/mcl_robot/build/lib/mcl_robot
[0.678s] running install
[0.678s] running install_lib
[0.679s] creating /home/felipe/puzzlebot_ws/install/mcl_robot/lib/python3.10/site-packages/mcl_robot
[0.680s] byte-compiling /home/felipe/puzzlebot_ws/install/mcl_robot/lib/python3.10/site-packages/mcl_robot/extraer.py to extraer.cpython-310.pyc
[0.680s] byte-compiling /home/felipe/puzzlebot_ws/install/mcl_robot/lib/python3.10/site-packages/mcl_robot/slam_node.py to slam_node.cpython-310.pyc
[0.681s] byte-compiling /home/felipe/puzzlebot_ws/install/mcl_robot/lib/python3.10/site-packages/mcl_robot/odom_node.py to odom_node.cpython-310.pyc
[0.682s] byte-compiling /home/felipe/puzzlebot_ws/install/mcl_robot/lib/python3.10/site-packages/mcl_robot/__init__.py to __init__.cpython-310.pyc
[0.682s] byte-compiling /home/felipe/puzzlebot_ws/install/mcl_robot/lib/python3.10/site-packages/mcl_robot/mcl_node.py to mcl_node.cpython-310.pyc
[0.683s] byte-compiling /home/felipe/puzzlebot_ws/install/mcl_robot/lib/python3.10/site-packages/mcl_robot/exploration_node.py to exploration_node.cpython-310.pyc
[0.685s] byte-compiling /home/felipe/puzzlebot_ws/install/mcl_robot/lib/python3.10/site-packages/mcl_robot/astar_node.py to astar_node.cpython-310.pyc
[0.686s] byte-compiling /home/felipe/puzzlebot_ws/install/mcl_robot/lib/python3.10/site-packages/mcl_robot/mapa.py to mapa.cpython-310.pyc
[0.686s] running install_data
[0.686s] creating /home/felipe/puzzlebot_ws/install/mcl_robot/share/ament_index
[0.686s] creating /home/felipe/puzzlebot_ws/install/mcl_robot/share/ament_index/resource_index
[0.686s] creating /home/felipe/puzzlebot_ws/install/mcl_robot/share/ament_index/resource_index/packages
[0.686s] copying resource/mcl_robot -> /home/felipe/puzzlebot_ws/install/mcl_robot/share/ament_index/resource_index/packages
[0.687s] copying package.xml -> /home/felipe/puzzlebot_ws/install/mcl_robot/share/mcl_robot
[0.687s] creating /home/felipe/puzzlebot_ws/install/mcl_robot/share/mcl_robot/maps
[0.687s] copying maps/slam_map.npy -> /home/felipe/puzzlebot_ws/install/mcl_robot/share/mcl_robot/maps
[0.687s] copying maps/slam_log_odds.npy -> /home/felipe/puzzlebot_ws/install/mcl_robot/share/mcl_robot/maps
[0.687s] running install_egg_info
[0.689s] Copying ../build/mcl_robot/mcl_robot.egg-info to /home/felipe/puzzlebot_ws/install/mcl_robot/lib/python3.10/site-packages/mcl_robot-0.0.0-py3.10.egg-info
[0.689s] running install_scripts
[0.708s] writing list of installed files to '/home/felipe/puzzlebot_ws/build/mcl_robot/install.log'
[0.727s] Invoked command in '/home/felipe/puzzlebot_ws/src' returned '0': PYTHONPATH=/home/felipe/puzzlebot_ws/build/mcl_robot/prefix_override:/usr/lib/python3/dist-packages/colcon_core/task/python/colcon_distutils_commands:/home/felipe/puzzlebot_ws/install/mcl_robot/lib/python3.10/site-packages:${PYTHONPATH} /usr/bin/python3 -W ignore:setup.py install is deprecated -W ignore:easy_install command is deprecated setup.py egg_info --egg-base ../build/mcl_robot build --build-base /home/felipe/puzzlebot_ws/build/mcl_robot/build install --record /home/felipe/puzzlebot_ws/build/mcl_robot/install.log --single-version-externally-managed install_data
