/home/felipe/puzzlebot_ws/install/mcl_robot_pb/lib/python3.10/site-packages/mcl_robot/extraer.py
/home/felipe/puzzlebot_ws/install/mcl_robot_pb/lib/python3.10/site-packages/mcl_robot/slam_node.py
/home/felipe/puzzlebot_ws/install/mcl_robot_pb/lib/python3.10/site-packages/mcl_robot/odom_node.py
/home/felipe/puzzlebot_ws/install/mcl_robot_pb/lib/python3.10/site-packages/mcl_robot/__init__.py
/home/felipe/puzzlebot_ws/install/mcl_robot_pb/lib/python3.10/site-packages/mcl_robot/mcl_node.py
/home/felipe/puzzlebot_ws/install/mcl_robot_pb/lib/python3.10/site-packages/mcl_robot/exploration_node.py
/home/felipe/puzzlebot_ws/install/mcl_robot_pb/lib/python3.10/site-packages/mcl_robot/astar_node.py
/home/felipe/puzzlebot_ws/install/mcl_robot_pb/lib/python3.10/site-packages/mcl_robot/mapa.py
/home/felipe/puzzlebot_ws/install/mcl_robot_pb/lib/python3.10/site-packages/mcl_robot/__pycache__/extraer.cpython-310.pyc
/home/felipe/puzzlebot_ws/install/mcl_robot_pb/lib/python3.10/site-packages/mcl_robot/__pycache__/slam_node.cpython-310.pyc
/home/felipe/puzzlebot_ws/install/mcl_robot_pb/lib/python3.10/site-packages/mcl_robot/__pycache__/odom_node.cpython-310.pyc
/home/felipe/puzzlebot_ws/install/mcl_robot_pb/lib/python3.10/site-packages/mcl_robot/__pycache__/__init__.cpython-310.pyc
/home/felipe/puzzlebot_ws/install/mcl_robot_pb/lib/python3.10/site-packages/mcl_robot/__pycache__/mcl_node.cpython-310.pyc
/home/felipe/puzzlebot_ws/install/mcl_robot_pb/lib/python3.10/site-packages/mcl_robot/__pycache__/exploration_node.cpython-310.pyc
/home/felipe/puzzlebot_ws/install/mcl_robot_pb/lib/python3.10/site-packages/mcl_robot/__pycache__/astar_node.cpython-310.pyc
/home/felipe/puzzlebot_ws/install/mcl_robot_pb/lib/python3.10/site-packages/mcl_robot/__pycache__/mapa.cpython-310.pyc
/home/felipe/puzzlebot_ws/install/mcl_robot_pb/share/ament_index/resource_index/packages/mcl_robot_pb
/home/felipe/puzzlebot_ws/install/mcl_robot_pb/share/mcl_robot_pb/package.xml
/home/felipe/puzzlebot_ws/install/mcl_robot_pb/share/mcl_robot_pb/maps/slam_map.npy
/home/felipe/puzzlebot_ws/install/mcl_robot_pb/share/mcl_robot_pb/maps/slam_log_odds.npy
/home/felipe/puzzlebot_ws/install/mcl_robot_pb/lib/python3.10/site-packages/mcl_robot_pb-0.0.0-py3.10.egg-info/SOURCES.txt
/home/felipe/puzzlebot_ws/install/mcl_robot_pb/lib/python3.10/site-packages/mcl_robot_pb-0.0.0-py3.10.egg-info/requires.txt
/home/felipe/puzzlebot_ws/install/mcl_robot_pb/lib/python3.10/site-packages/mcl_robot_pb-0.0.0-py3.10.egg-info/dependency_links.txt
/home/felipe/puzzlebot_ws/install/mcl_robot_pb/lib/python3.10/site-packages/mcl_robot_pb-0.0.0-py3.10.egg-info/top_level.txt
/home/felipe/puzzlebot_ws/install/mcl_robot_pb/lib/python3.10/site-packages/mcl_robot_pb-0.0.0-py3.10.egg-info/entry_points.txt
/home/felipe/puzzlebot_ws/install/mcl_robot_pb/lib/python3.10/site-packages/mcl_robot_pb-0.0.0-py3.10.egg-info/PKG-INFO
/home/felipe/puzzlebot_ws/install/mcl_robot_pb/lib/python3.10/site-packages/mcl_robot_pb-0.0.0-py3.10.egg-info/zip-safe
/home/felipe/puzzlebot_ws/install/mcl_robot_pb/lib/mcl_robot_pb/astar_node
/home/felipe/puzzlebot_ws/install/mcl_robot_pb/lib/mcl_robot_pb/exploration_node
/home/felipe/puzzlebot_ws/install/mcl_robot_pb/lib/mcl_robot_pb/mcl_node
/home/felipe/puzzlebot_ws/install/mcl_robot_pb/lib/mcl_robot_pb/odom_node
/home/felipe/puzzlebot_ws/install/mcl_robot_pb/lib/mcl_robot_pb/slam_node
