/home/felipe/puzzlebot_ws/install/puzzle_sim_pb/lib/python3.10/site-packages/puzzle_sim_pb/__init__.py
/home/felipe/puzzlebot_ws/install/puzzle_sim_pb/lib/python3.10/site-packages/puzzle_sim_pb/__pycache__/__init__.cpython-310.pyc
/home/felipe/puzzlebot_ws/install/puzzle_sim_pb/share/ament_index/resource_index/packages/puzzle_sim_pb
/home/felipe/puzzlebot_ws/install/puzzle_sim_pb/share/puzzle_sim_pb/package.xml
/home/felipe/puzzlebot_ws/install/puzzle_sim_pb/share/puzzle_sim_pb/launch/gazebo.launch.py
/home/felipe/puzzlebot_ws/install/puzzle_sim_pb/share/puzzle_sim_pb/urdf/materials.xacro
/home/felipe/puzzlebot_ws/install/puzzle_sim_pb/share/puzzle_sim_pb/urdf/parameters.xacro
/home/felipe/puzzlebot_ws/install/puzzle_sim_pb/share/puzzle_sim_pb/urdf/macros.xacro
/home/felipe/puzzlebot_ws/install/puzzle_sim_pb/share/puzzle_sim_pb/urdf/puzzlebot.urdf
/home/felipe/puzzlebot_ws/install/puzzle_sim_pb/share/puzzle_sim_pb/meshes/chassis2.stl
/home/felipe/puzzlebot_ws/install/puzzle_sim_pb/share/puzzle_sim_pb/meshes/wheel2.stl
/home/felipe/puzzlebot_ws/install/puzzle_sim_pb/share/puzzle_sim_pb/meshes/LiDAR.stl
/home/felipe/puzzlebot_ws/install/puzzle_sim_pb/share/puzzle_sim_pb/meshes/wheel.stl
/home/felipe/puzzlebot_ws/install/puzzle_sim_pb/share/puzzle_sim_pb/meshes/chassis.stl
/home/felipe/puzzlebot_ws/install/puzzle_sim_pb/share/puzzle_sim_pb/xacro/materials.xacro
/home/felipe/puzzlebot_ws/install/puzzle_sim_pb/share/puzzle_sim_pb/xacro/parameters.xacro
/home/felipe/puzzlebot_ws/install/puzzle_sim_pb/share/puzzle_sim_pb/xacro/puzzlebot.urdf.xacro
/home/felipe/puzzlebot_ws/install/puzzle_sim_pb/share/puzzle_sim_pb/xacro/macros.xacro
/home/felipe/puzzlebot_ws/install/puzzle_sim_pb/lib/python3.10/site-packages/puzzle_sim_pb-0.0.1-py3.10.egg-info/SOURCES.txt
/home/felipe/puzzlebot_ws/install/puzzle_sim_pb/lib/python3.10/site-packages/puzzle_sim_pb-0.0.1-py3.10.egg-info/requires.txt
/home/felipe/puzzlebot_ws/install/puzzle_sim_pb/lib/python3.10/site-packages/puzzle_sim_pb-0.0.1-py3.10.egg-info/dependency_links.txt
/home/felipe/puzzlebot_ws/install/puzzle_sim_pb/lib/python3.10/site-packages/puzzle_sim_pb-0.0.1-py3.10.egg-info/top_level.txt
/home/felipe/puzzlebot_ws/install/puzzle_sim_pb/lib/python3.10/site-packages/puzzle_sim_pb-0.0.1-py3.10.egg-info/entry_points.txt
/home/felipe/puzzlebot_ws/install/puzzle_sim_pb/lib/python3.10/site-packages/puzzle_sim_pb-0.0.1-py3.10.egg-info/PKG-INFO
/home/felipe/puzzlebot_ws/install/puzzle_sim_pb/lib/python3.10/site-packages/puzzle_sim_pb-0.0.1-py3.10.egg-info/zip-safe
