running egg_info
creating ../../build/obstacle_avoidance_pb/obstacle_avoidance_pb.egg-info
writing manifest file '../../build/obstacle_avoidance_pb/obstacle_avoidance_pb.egg-info/SOURCES.txt'
writing manifest file '../../build/obstacle_avoidance_pb/obstacle_avoidance_pb.egg-info/SOURCES.txt'
running build
running build_py
creating /home/felipe/puzzlebot_ws/build/obstacle_avoidance_pb/build
creating /home/felipe/puzzlebot_ws/build/obstacle_avoidance_pb/build/lib
creating /home/felipe/puzzlebot_ws/build/obstacle_avoidance_pb/build/lib/obstacle_avoidance
copying obstacle_avoidance/bug1.py -> /home/felipe/puzzlebot_ws/build/obstacle_avoidance_pb/build/lib/obstacle_avoidance
copying obstacle_avoidance/avoider_node.py -> /home/felipe/puzzlebot_ws/build/obstacle_avoidance_pb/build/lib/obstacle_avoidance
copying obstacle_avoidance/__init__.py -> /home/felipe/puzzlebot_ws/build/obstacle_avoidance_pb/build/lib/obstacle_avoidance
copying obstacle_avoidance/bug0.py -> /home/felipe/puzzlebot_ws/build/obstacle_avoidance_pb/build/lib/obstacle_avoidance
copying obstacle_avoidance/bug2.py -> /home/felipe/puzzlebot_ws/build/obstacle_avoidance_pb/build/lib/obstacle_avoidance
running install
running install_lib
creating /home/felipe/puzzlebot_ws/install/obstacle_avoidance_pb/lib/python3.10/site-packages/obstacle_avoidance
byte-compiling /home/felipe/puzzlebot_ws/install/obstacle_avoidance_pb/lib/python3.10/site-packages/obstacle_avoidance/bug1.py to bug1.cpython-310.pyc
byte-compiling /home/felipe/puzzlebot_ws/install/obstacle_avoidance_pb/lib/python3.10/site-packages/obstacle_avoidance/avoider_node.py to avoider_node.cpython-310.pyc
byte-compiling /home/felipe/puzzlebot_ws/install/obstacle_avoidance_pb/lib/python3.10/site-packages/obstacle_avoidance/__init__.py to __init__.cpython-310.pyc
byte-compiling /home/felipe/puzzlebot_ws/install/obstacle_avoidance_pb/lib/python3.10/site-packages/obstacle_avoidance/bug0.py to bug0.cpython-310.pyc
byte-compiling /home/felipe/puzzlebot_ws/install/obstacle_avoidance_pb/lib/python3.10/site-packages/obstacle_avoidance/bug2.py to bug2.cpython-310.pyc
running install_data
creating /home/felipe/puzzlebot_ws/install/obstacle_avoidance_pb/share/ament_index
creating /home/felipe/puzzlebot_ws/install/obstacle_avoidance_pb/share/ament_index/resource_index
creating /home/felipe/puzzlebot_ws/install/obstacle_avoidance_pb/share/ament_index/resource_index/packages
copying resource/obstacle_avoidance_pb -> /home/felipe/puzzlebot_ws/install/obstacle_avoidance_pb/share/ament_index/resource_index/packages
copying package.xml -> /home/felipe/puzzlebot_ws/install/obstacle_avoidance_pb/share/obstacle_avoidance_pb
running install_egg_info
Copying ../../build/obstacle_avoidance_pb/obstacle_avoidance_pb.egg-info to /home/felipe/puzzlebot_ws/install/obstacle_avoidance_pb/lib/python3.10/site-packages/obstacle_avoidance_pb-0.0.0-py3.10.egg-info
running install_scripts
writing list of installed files to '/home/felipe/puzzlebot_ws/build/obstacle_avoidance_pb/install.log'
